> A <- matrix(1:100, nrow=10)

> B <- matrix(1:1000, nrow=10)

> #Determinant of A
> det(A)
[1] 0

> #Inverse of A
> solve(A)
Error in solve.default(A) : 
  Lapack routine dgesv: system is exactly singular: U[6,6] = 0

> #Determinant of B
> det(B)
Error in determinant.matrix(x, logarithm = TRUE, ...) : 
  'x' must be a square matrix
