> library(matlib)

> A <- matrix(1:100, nrow=10)

> B <- matrix(1:1000, nrow=10)

> #Determinant of A
> det(A)
[1] 0

> #Inverse of A
> inv(A)
Error in Inverse(X, tol = sqrt(.Machine$double.eps), ...) : 
  X is numerically singular

> #Determinant of B
> det(B)
Error in determinant.matrix(x, logarithm = TRUE, ...) : 
  'x' must be a square matrix
